[URL Worker for Aetna Medicare Premier (PPO)] | Total time: 414.84 seconds
[URL Worker for Aetna Medicare Value Plus (PPO) - H5521-251] | Total time: 429.65 seconds
[URL Worker for Aetna Medicare Premier (PPO) - H5521-254] | Total time: 430.14 seconds
[URL Worker for Aetna Medicare Prime Premier (PPO)] | Total time: 449.84 seconds
[URL Worker for Aetna Medicare Prime Value (PPO)] | Total time: 450.50 seconds
[URL Worker for Blue Access Gold for Business] | Total time: 517.62 seconds
[URL Worker for Blue Saver Gold for Business] | Total time: 524.83 seconds
[URL Worker for Aetna Medicare Premier (PPO) - H5521-015] | Total time: 495.10 seconds
[URL Worker for Aetna Health Exchange Plan-Individual] | Total time: 276.71 seconds
[URL Worker for Aetna Medicare  Value Plus (PPO) - H5521-251] | Total time: 298.09 seconds
[URL Worker for Aetna Health Exchange Plan-Individual] | Total time: 294.64 seconds
[URL Worker for Aetna Medicare  Value Plus (PPO) - H5521-251] | Total time: 297.81 seconds
[URL Worker for PSHB standard high option] | Total time: 119.01 seconds
[URL Worker for Employer Large Group-Blue Premier(HMO)-Basic Drug List] | Total time: 276.83 seconds
[URL Worker for Community Premier Silver 012] | Total time: 912.88 seconds
[URL Worker for Community Premier Silver 012] | Total time: 16.76 seconds
[URL Worker for Community Premier Silver 012] | Total time: 15.49 seconds
[URL Worker for Employer Large Group Plan-BlueOptions PPO-Basic Drug List] | Total time: 235.57 seconds
[URL Worker for Employer Large Group Plan-BlueOptions PPO-Basic Drug List] | Total time: 12.15 seconds
[URL Worker for Premium Silver + $0 Virtual 24/7 Care Visits 94% AV Cost Share] | Total time: 322.22 seconds
[URL Worker for Community Select Gold 022] | Total time: 954.89 seconds
[URL Worker for Medicare Advantage-Alignment Health the ONE + Walgreens (HMO) (HMO-001)] | Total time: 477.63 seconds
[URL Worker for Aetna Medicare FL Dual Select (HMO D-SNP) - H1609-044] | Total time: 271.11 seconds
[URL Worker for Aetna Medicare FL Dual Select (HMO D-SNP) - H1609-045] | Total time: 286.56 seconds
[URL Worker for Aetna Medicare FL Dual Select (HMO D-SNP) - H1609-044] | Total time: 21.31 seconds
[URL Worker for Aetna Medicare FL Dual Select (HMO D-SNP) - H1609-045] | Total time: 23.31 seconds
[URL Worker for Aetna Medicare FL Dual Select (HMO D-SNP) - H1609-044] | Total time: 29.22 seconds
[URL Worker for Aetna Medicare FL Dual Select (HMO D-SNP) - H1609-045] | Total time: 30.37 seconds
[URL Worker for Medicare Advantage-Alignment Health the ONE + Walgreens (HMO) (HMO-001)] | Total time: 251.17 seconds
